// Jest Snapshot v1, https://goo.gl/fbAQLP

exports[`position calculate distance between two positions 1`] = `60065.177737726524`;

exports[`position create helper 1`] = `
Object {
  "distanceFromPosition": [Function],
  "isInArea": [Function],
  "isInRadius": [Function],
}
`;
